Analysis & Synthesis report for calculater
Sun Jul 12 18:41:25 2020
Quartus II 64-Bit Version 15.0.0 Build 145 04/22/2015 SJ Full Version


---------------------
; Table of Contents ;
---------------------
  1. Legal Notice
  2. Analysis & Synthesis Summary
  3. Analysis & Synthesis Settings
  4. Parallel Compilation
  5. Analysis & Synthesis Source Files Read
  6. Analysis & Synthesis Resource Usage Summary
  7. Analysis & Synthesis Resource Utilization by Entity
  8. State Machine - |calculater|LCD:L0|next
  9. Registers Removed During Synthesis
 10. Removed Registers Triggering Further Register Optimizations
 11. General Register Statistics
 12. Multiplexer Restructuring Statistics (Restructuring Performed)
 13. Parameter Settings for User Entity Instance: Top-level Entity: |calculater
 14. Parameter Settings for User Entity Instance: Adder1:A0
 15. Parameter Settings for User Entity Instance: multiply:m0|Adder1:a1
 16. Parameter Settings for User Entity Instance: multiply:m0|Adder1:a2
 17. Parameter Settings for User Entity Instance: multiply:m0|Adder1:a3
 18. Parameter Settings for User Entity Instance: multiply:m0|Adder1:a4
 19. Parameter Settings for User Entity Instance: multiply:m0|Adder1:a5
 20. Parameter Settings for User Entity Instance: multiply:m0|Adder1:a6
 21. Parameter Settings for User Entity Instance: multiply:m0|Adder1:a7
 22. Parameter Settings for User Entity Instance: display:d0
 23. Parameter Settings for User Entity Instance: display:d1
 24. Parameter Settings for User Entity Instance: display_5:d5
 25. Parameter Settings for User Entity Instance: display_div:dd_is
 26. Parameter Settings for User Entity Instance: display_div:dd_yu
 27. Parameter Settings for User Entity Instance: LCD:L0
 28. Port Connectivity Checks: "bin_dec:bd1"
 29. Port Connectivity Checks: "bin_dec:bd0"
 30. Port Connectivity Checks: "multiply:m0|Adder1:a7"
 31. Port Connectivity Checks: "multiply:m0|Adder1:a6"
 32. Port Connectivity Checks: "multiply:m0|Adder1:a5"
 33. Port Connectivity Checks: "multiply:m0|Adder1:a4"
 34. Port Connectivity Checks: "multiply:m0|Adder1:a3"
 35. Port Connectivity Checks: "multiply:m0|Adder1:a2"
 36. Port Connectivity Checks: "multiply:m0|Adder1:a1"
 37. Port Connectivity Checks: "substractor_8bits:sub0"
 38. Port Connectivity Checks: "Adder1:A0"
 39. Post-Synthesis Netlist Statistics for Top Partition
 40. Elapsed Time Per Partition
 41. Analysis & Synthesis Messages
 42. Analysis & Synthesis Suppressed Messages



----------------
; Legal Notice ;
----------------
Copyright (C) 1991-2015 Altera Corporation. All rights reserved.
Your use of Altera Corporation's design tools, logic functions 
and other software and tools, and its AMPP partner logic 
functions, and any output files from any of the foregoing 
(including device programming or simulation files), and any 
associated documentation or information are expressly subject 
to the terms and conditions of the Altera Program License 
Subscription Agreement, the Altera Quartus II License Agreement,
the Altera MegaCore Function License Agreement, or other 
applicable license agreement, including, without limitation, 
that your use is for the sole purpose of programming logic 
devices manufactured by Altera and sold by Altera or its 
authorized distributors.  Please refer to the applicable 
agreement for further details.



+----------------------------------------------------------------------------------+
; Analysis & Synthesis Summary                                                     ;
+------------------------------------+---------------------------------------------+
; Analysis & Synthesis Status        ; Successful - Sun Jul 12 18:41:25 2020       ;
; Quartus II 64-Bit Version          ; 15.0.0 Build 145 04/22/2015 SJ Full Version ;
; Revision Name                      ; calculater                                  ;
; Top-level Entity Name              ; calculater                                  ;
; Family                             ; Cyclone IV E                                ;
; Total logic elements               ; 1,215                                       ;
;     Total combinational functions  ; 1,078                                       ;
;     Dedicated logic registers      ; 488                                         ;
; Total registers                    ; 488                                         ;
; Total pins                         ; 117                                         ;
; Total virtual pins                 ; 0                                           ;
; Total memory bits                  ; 0                                           ;
; Embedded Multiplier 9-bit elements ; 0                                           ;
; Total PLLs                         ; 0                                           ;
+------------------------------------+---------------------------------------------+


+----------------------------------------------------------------------------------------------------------------------+
; Analysis & Synthesis Settings                                                                                        ;
+----------------------------------------------------------------------------+--------------------+--------------------+
; Option                                                                     ; Setting            ; Default Value      ;
+----------------------------------------------------------------------------+--------------------+--------------------+
; Device                                                                     ; EP4CE115F29C7      ;                    ;
; Top-level entity name                                                      ; calculater         ; calculater         ;
; Family name                                                                ; Cyclone IV E       ; Cyclone V          ;
; Use smart compilation                                                      ; Off                ; Off                ;
; Enable parallel Assembler and TimeQuest Timing Analyzer during compilation ; On                 ; On                 ;
; Enable compact report table                                                ; Off                ; Off                ;
; Restructure Multiplexers                                                   ; Auto               ; Auto               ;
; Create Debugging Nodes for IP Cores                                        ; Off                ; Off                ;
; Preserve fewer node names                                                  ; On                 ; On                 ;
; Disable OpenCore Plus hardware evaluation                                  ; Off                ; Off                ;
; Verilog Version                                                            ; Verilog_2001       ; Verilog_2001       ;
; VHDL Version                                                               ; VHDL_1993          ; VHDL_1993          ;
; State Machine Processing                                                   ; Auto               ; Auto               ;
; Safe State Machine                                                         ; Off                ; Off                ;
; Extract Verilog State Machines                                             ; On                 ; On                 ;
; Extract VHDL State Machines                                                ; On                 ; On                 ;
; Ignore Verilog initial constructs                                          ; Off                ; Off                ;
; Iteration limit for constant Verilog loops                                 ; 5000               ; 5000               ;
; Iteration limit for non-constant Verilog loops                             ; 250                ; 250                ;
; Add Pass-Through Logic to Inferred RAMs                                    ; On                 ; On                 ;
; Infer RAMs from Raw Logic                                                  ; On                 ; On                 ;
; Parallel Synthesis                                                         ; On                 ; On                 ;
; DSP Block Balancing                                                        ; Auto               ; Auto               ;
; NOT Gate Push-Back                                                         ; On                 ; On                 ;
; Power-Up Don't Care                                                        ; On                 ; On                 ;
; Remove Redundant Logic Cells                                               ; Off                ; Off                ;
; Remove Duplicate Registers                                                 ; On                 ; On                 ;
; Ignore CARRY Buffers                                                       ; Off                ; Off                ;
; Ignore CASCADE Buffers                                                     ; Off                ; Off                ;
; Ignore GLOBAL Buffers                                                      ; Off                ; Off                ;
; Ignore ROW GLOBAL Buffers                                                  ; Off                ; Off                ;
; Ignore LCELL Buffers                                                       ; Off                ; Off                ;
; Ignore SOFT Buffers                                                        ; On                 ; On                 ;
; Limit AHDL Integers to 32 Bits                                             ; Off                ; Off                ;
; Optimization Technique                                                     ; Balanced           ; Balanced           ;
; Carry Chain Length                                                         ; 70                 ; 70                 ;
; Auto Carry Chains                                                          ; On                 ; On                 ;
; Auto Open-Drain Pins                                                       ; On                 ; On                 ;
; Perform WYSIWYG Primitive Resynthesis                                      ; Off                ; Off                ;
; Auto ROM Replacement                                                       ; On                 ; On                 ;
; Auto RAM Replacement                                                       ; On                 ; On                 ;
; Auto DSP Block Replacement                                                 ; On                 ; On                 ;
; Auto Shift Register Replacement                                            ; Auto               ; Auto               ;
; Allow Shift Register Merging across Hierarchies                            ; Auto               ; Auto               ;
; Auto Clock Enable Replacement                                              ; On                 ; On                 ;
; Strict RAM Replacement                                                     ; Off                ; Off                ;
; Allow Synchronous Control Signals                                          ; On                 ; On                 ;
; Force Use of Synchronous Clear Signals                                     ; Off                ; Off                ;
; Auto RAM Block Balancing                                                   ; On                 ; On                 ;
; Auto RAM to Logic Cell Conversion                                          ; Off                ; Off                ;
; Auto Resource Sharing                                                      ; Off                ; Off                ;
; Allow Any RAM Size For Recognition                                         ; Off                ; Off                ;
; Allow Any ROM Size For Recognition                                         ; Off                ; Off                ;
; Allow Any Shift Register Size For Recognition                              ; Off                ; Off                ;
; Use LogicLock Constraints during Resource Balancing                        ; On                 ; On                 ;
; Ignore translate_off and synthesis_off directives                          ; Off                ; Off                ;
; Timing-Driven Synthesis                                                    ; On                 ; On                 ;
; Report Parameter Settings                                                  ; On                 ; On                 ;
; Report Source Assignments                                                  ; On                 ; On                 ;
; Report Connectivity Checks                                                 ; On                 ; On                 ;
; Ignore Maximum Fan-Out Assignments                                         ; Off                ; Off                ;
; Synchronization Register Chain Length                                      ; 2                  ; 2                  ;
; PowerPlay Power Optimization During Synthesis                              ; Normal compilation ; Normal compilation ;
; HDL message level                                                          ; Level2             ; Level2             ;
; Suppress Register Optimization Related Messages                            ; Off                ; Off                ;
; Number of Removed Registers Reported in Synthesis Report                   ; 5000               ; 5000               ;
; Number of Swept Nodes Reported in Synthesis Report                         ; 5000               ; 5000               ;
; Number of Inverted Registers Reported in Synthesis Report                  ; 100                ; 100                ;
; Clock MUX Protection                                                       ; On                 ; On                 ;
; Auto Gated Clock Conversion                                                ; Off                ; Off                ;
; Block Design Naming                                                        ; Auto               ; Auto               ;
; SDC constraint protection                                                  ; Off                ; Off                ;
; Synthesis Effort                                                           ; Auto               ; Auto               ;
; Shift Register Replacement - Allow Asynchronous Clear Signal               ; On                 ; On                 ;
; Pre-Mapping Resynthesis Optimization                                       ; Off                ; Off                ;
; Analysis & Synthesis Message Level                                         ; Medium             ; Medium             ;
; Disable Register Merging Across Hierarchies                                ; Auto               ; Auto               ;
; Resource Aware Inference For Block RAM                                     ; On                 ; On                 ;
; Synthesis Seed                                                             ; 1                  ; 1                  ;
+----------------------------------------------------------------------------+--------------------+--------------------+


+------------------------------------------+
; Parallel Compilation                     ;
+----------------------------+-------------+
; Processors                 ; Number      ;
+----------------------------+-------------+
; Number detected on machine ; 8           ;
; Maximum allowed            ; 4           ;
;                            ;             ;
; Average used               ; 1.00        ;
; Maximum used               ; 4           ;
;                            ;             ;
; Usage by Processor         ; % Time Used ;
;     Processor 1            ; 100.0%      ;
;     Processors 2-4         ; < 0.1%      ;
;     Processors 5-8         ;   0.0%      ;
+----------------------------+-------------+


+----------------------------------------------------------------------------------------------------------------------------------------------+
; Analysis & Synthesis Source Files Read                                                                                                       ;
+----------------------------------+-----------------+------------------------+------------------------------------------------------+---------+
; File Name with User-Entered Path ; Used in Netlist ; File Type              ; File Name with Absolute Path                         ; Library ;
+----------------------------------+-----------------+------------------------+------------------------------------------------------+---------+
; calculater.v                     ; yes             ; User Verilog HDL File  ; C:/Users/ASUS/Desktop/calculater/calculater.v        ;         ;
; multiply.v                       ; yes             ; User Verilog HDL File  ; C:/Users/ASUS/Desktop/calculater/multiply.v          ;         ;
; bin_dec.v                        ; yes             ; User Verilog HDL File  ; C:/Users/ASUS/Desktop/calculater/bin_dec.v           ;         ;
; bin2bcd.v                        ; yes             ; User Verilog HDL File  ; C:/Users/ASUS/Desktop/calculater/bin2bcd.v           ;         ;
; Adder1.v                         ; yes             ; User Verilog HDL File  ; C:/Users/ASUS/Desktop/calculater/Adder1.v            ;         ;
; display.v                        ; yes             ; User Verilog HDL File  ; C:/Users/ASUS/Desktop/calculater/display.v           ;         ;
; display_5.v                      ; yes             ; User Verilog HDL File  ; C:/Users/ASUS/Desktop/calculater/display_5.v         ;         ;
; substractor_8bits.v              ; yes             ; User Verilog HDL File  ; C:/Users/ASUS/Desktop/calculater/substractor_8bits.v ;         ;
; div8.v                           ; yes             ; User Verilog HDL File  ; C:/Users/ASUS/Desktop/calculater/div8.v              ;         ;
; LCD.v                            ; yes             ; User Verilog HDL File  ; C:/Users/ASUS/Desktop/calculater/LCD.v               ;         ;
; bin_dec_8bits.v                  ; yes             ; User Verilog HDL File  ; C:/Users/ASUS/Desktop/calculater/bin_dec_8bits.v     ;         ;
; display_div.v                    ; yes             ; User Verilog HDL File  ; C:/Users/ASUS/Desktop/calculater/display_div.v       ;         ;
+----------------------------------+-----------------+------------------------+------------------------------------------------------+---------+


+--------------------------------------------------------------+
; Analysis & Synthesis Resource Usage Summary                  ;
+---------------------------------------------+----------------+
; Resource                                    ; Usage          ;
+---------------------------------------------+----------------+
; Estimated Total logic elements              ; 1,215          ;
;                                             ;                ;
; Total combinational functions               ; 1078           ;
; Logic element usage by number of LUT inputs ;                ;
;     -- 4 input functions                    ; 364            ;
;     -- 3 input functions                    ; 428            ;
;     -- <=2 input functions                  ; 286            ;
;                                             ;                ;
; Logic elements by mode                      ;                ;
;     -- normal mode                          ; 788            ;
;     -- arithmetic mode                      ; 290            ;
;                                             ;                ;
; Total registers                             ; 488            ;
;     -- Dedicated logic registers            ; 488            ;
;     -- I/O registers                        ; 0              ;
;                                             ;                ;
; I/O pins                                    ; 117            ;
;                                             ;                ;
; Embedded Multiplier 9-bit elements          ; 0              ;
;                                             ;                ;
; Maximum fan-out node                        ; CLOCK_50~input ;
; Maximum fan-out                             ; 440            ;
; Total fan-out                               ; 4874           ;
; Average fan-out                             ; 2.71           ;
+---------------------------------------------+----------------+


+---------------------------------------------------------------------------------------------------------------------------------------------------------------------------------------------+
; Analysis & Synthesis Resource Utilization by Entity                                                                                                                                         ;
+-----------------------------+-------------------+--------------+-------------+--------------+---------+-----------+------+--------------+------------------------------------+--------------+
; Compilation Hierarchy Node  ; LC Combinationals ; LC Registers ; Memory Bits ; DSP Elements ; DSP 9x9 ; DSP 18x18 ; Pins ; Virtual Pins ; Full Hierarchy Name                ; Library Name ;
+-----------------------------+-------------------+--------------+-------------+--------------+---------+-----------+------+--------------+------------------------------------+--------------+
; |calculater                 ; 1078 (181)        ; 488 (195)    ; 0           ; 0            ; 0       ; 0         ; 117  ; 0            ; |calculater                        ; work         ;
;    |Adder1:A0|              ; 9 (9)             ; 0 (0)        ; 0           ; 0            ; 0       ; 0         ; 0    ; 0            ; |calculater|Adder1:A0              ; work         ;
;    |LCD:L0|                 ; 111 (111)         ; 166 (166)    ; 0           ; 0            ; 0       ; 0         ; 0    ; 0            ; |calculater|LCD:L0                 ; work         ;
;    |bin2bcd:bb0|            ; 242 (242)         ; 67 (67)      ; 0           ; 0            ; 0       ; 0         ; 0    ; 0            ; |calculater|bin2bcd:bb0            ; work         ;
;    |bin_dec:bd0|            ; 40 (40)           ; 32 (32)      ; 0           ; 0            ; 0       ; 0         ; 0    ; 0            ; |calculater|bin_dec:bd0            ; work         ;
;    |bin_dec:bd1|            ; 34 (34)           ; 28 (28)      ; 0           ; 0            ; 0       ; 0         ; 0    ; 0            ; |calculater|bin_dec:bd1            ; work         ;
;    |bin_dec_8bits:bd_is1|   ; 21 (21)           ; 0 (0)        ; 0           ; 0            ; 0       ; 0         ; 0    ; 0            ; |calculater|bin_dec_8bits:bd_is1   ; work         ;
;    |bin_dec_8bits:bd_yu1|   ; 23 (23)           ; 0 (0)        ; 0           ; 0            ; 0       ; 0         ; 0    ; 0            ; |calculater|bin_dec_8bits:bd_yu1   ; work         ;
;    |display:d0|             ; 14 (14)           ; 0 (0)        ; 0           ; 0            ; 0       ; 0         ; 0    ; 0            ; |calculater|display:d0             ; work         ;
;    |display:d1|             ; 14 (14)           ; 0 (0)        ; 0           ; 0            ; 0       ; 0         ; 0    ; 0            ; |calculater|display:d1             ; work         ;
;    |display_5:d5|           ; 35 (35)           ; 0 (0)        ; 0           ; 0            ; 0       ; 0         ; 0    ; 0            ; |calculater|display_5:d5           ; work         ;
;    |display_div:dd_is|      ; 17 (17)           ; 0 (0)        ; 0           ; 0            ; 0       ; 0         ; 0    ; 0            ; |calculater|display_div:dd_is      ; work         ;
;    |display_div:dd_yu|      ; 14 (14)           ; 0 (0)        ; 0           ; 0            ; 0       ; 0         ; 0    ; 0            ; |calculater|display_div:dd_yu      ; work         ;
;    |div8:v0|                ; 173 (173)         ; 0 (0)        ; 0           ; 0            ; 0       ; 0         ; 0    ; 0            ; |calculater|div8:v0                ; work         ;
;    |multiply:m0|            ; 126 (63)          ; 0 (0)        ; 0           ; 0            ; 0       ; 0         ; 0    ; 0            ; |calculater|multiply:m0            ; work         ;
;       |Adder1:a1|           ; 9 (9)             ; 0 (0)        ; 0           ; 0            ; 0       ; 0         ; 0    ; 0            ; |calculater|multiply:m0|Adder1:a1  ; work         ;
;       |Adder1:a2|           ; 9 (9)             ; 0 (0)        ; 0           ; 0            ; 0       ; 0         ; 0    ; 0            ; |calculater|multiply:m0|Adder1:a2  ; work         ;
;       |Adder1:a3|           ; 9 (9)             ; 0 (0)        ; 0           ; 0            ; 0       ; 0         ; 0    ; 0            ; |calculater|multiply:m0|Adder1:a3  ; work         ;
;       |Adder1:a4|           ; 9 (9)             ; 0 (0)        ; 0           ; 0            ; 0       ; 0         ; 0    ; 0            ; |calculater|multiply:m0|Adder1:a4  ; work         ;
;       |Adder1:a5|           ; 9 (9)             ; 0 (0)        ; 0           ; 0            ; 0       ; 0         ; 0    ; 0            ; |calculater|multiply:m0|Adder1:a5  ; work         ;
;       |Adder1:a6|           ; 9 (9)             ; 0 (0)        ; 0           ; 0            ; 0       ; 0         ; 0    ; 0            ; |calculater|multiply:m0|Adder1:a6  ; work         ;
;       |Adder1:a7|           ; 9 (9)             ; 0 (0)        ; 0           ; 0            ; 0       ; 0         ; 0    ; 0            ; |calculater|multiply:m0|Adder1:a7  ; work         ;
;    |substractor_8bits:sub0| ; 24 (24)           ; 0 (0)        ; 0           ; 0            ; 0       ; 0         ; 0    ; 0            ; |calculater|substractor_8bits:sub0 ; work         ;
+-----------------------------+-------------------+--------------+-------------+--------------+---------+-----------+------+--------------+------------------------------------+--------------+
Note: For table entries with two numbers listed, the numbers in parentheses indicate the number of resources of the given type used by the specific entity alone. The numbers listed outside of parentheses indicate the total resources of the given type used by the specific entity and all of its sub-entities in the hierarchy.


Encoding Type:  One-Hot
+-------------------------------------------------------------------------------------------------------------------------------------------------------------------------------------------------------------------------------------------------------------------------------------------------------------------------------------------------------------------------------------------------------------------------------------------------------------------------------------------------------------------------------------------------------------------+
; State Machine - |calculater|LCD:L0|next                                                                                                                                                                                                                                                                                                                                                                                                                                                                                                                           ;
+-------------+-------------+-------------+-------------+-------------+-------------+-------------+-------------+-------------+-------------+-------------+-------------+-------------+-------------+-------------+-------------+-------------+-------------+-------------+-------------+-------------+-------------+-------------+------------+------------+------------+------------+------------+------------+------------+------------+------------+------------+-----------+-------------+-------------+-------------+-------------+-------------+-------------+
; Name        ; next.data31 ; next.data30 ; next.data29 ; next.data28 ; next.data27 ; next.data26 ; next.data25 ; next.data24 ; next.data23 ; next.data22 ; next.data21 ; next.data20 ; next.data19 ; next.data18 ; next.data17 ; next.data16 ; next.data15 ; next.data14 ; next.data13 ; next.data12 ; next.data11 ; next.data10 ; next.data9 ; next.data8 ; next.data7 ; next.data6 ; next.data5 ; next.data4 ; next.data3 ; next.data2 ; next.data1 ; next.data0 ; next.scan ; next.state5 ; next.state4 ; next.state3 ; next.state2 ; next.state1 ; next.state0 ;
+-------------+-------------+-------------+-------------+-------------+-------------+-------------+-------------+-------------+-------------+-------------+-------------+-------------+-------------+-------------+-------------+-------------+-------------+-------------+-------------+-------------+-------------+-------------+------------+------------+------------+------------+------------+------------+------------+------------+------------+------------+-----------+-------------+-------------+-------------+-------------+-------------+-------------+
; next.state0 ; 0           ; 0           ; 0           ; 0           ; 0           ; 0           ; 0           ; 0           ; 0           ; 0           ; 0           ; 0           ; 0           ; 0           ; 0           ; 0           ; 0           ; 0           ; 0           ; 0           ; 0           ; 0           ; 0          ; 0          ; 0          ; 0          ; 0          ; 0          ; 0          ; 0          ; 0          ; 0          ; 0         ; 0           ; 0           ; 0           ; 0           ; 0           ; 0           ;
; next.state1 ; 0           ; 0           ; 0           ; 0           ; 0           ; 0           ; 0           ; 0           ; 0           ; 0           ; 0           ; 0           ; 0           ; 0           ; 0           ; 0           ; 0           ; 0           ; 0           ; 0           ; 0           ; 0           ; 0          ; 0          ; 0          ; 0          ; 0          ; 0          ; 0          ; 0          ; 0          ; 0          ; 0         ; 0           ; 0           ; 0           ; 0           ; 1           ; 1           ;
; next.state2 ; 0           ; 0           ; 0           ; 0           ; 0           ; 0           ; 0           ; 0           ; 0           ; 0           ; 0           ; 0           ; 0           ; 0           ; 0           ; 0           ; 0           ; 0           ; 0           ; 0           ; 0           ; 0           ; 0          ; 0          ; 0          ; 0          ; 0          ; 0          ; 0          ; 0          ; 0          ; 0          ; 0         ; 0           ; 0           ; 0           ; 1           ; 0           ; 1           ;
; next.state3 ; 0           ; 0           ; 0           ; 0           ; 0           ; 0           ; 0           ; 0           ; 0           ; 0           ; 0           ; 0           ; 0           ; 0           ; 0           ; 0           ; 0           ; 0           ; 0           ; 0           ; 0           ; 0           ; 0          ; 0          ; 0          ; 0          ; 0          ; 0          ; 0          ; 0          ; 0          ; 0          ; 0         ; 0           ; 0           ; 1           ; 0           ; 0           ; 1           ;
; next.state4 ; 0           ; 0           ; 0           ; 0           ; 0           ; 0           ; 0           ; 0           ; 0           ; 0           ; 0           ; 0           ; 0           ; 0           ; 0           ; 0           ; 0           ; 0           ; 0           ; 0           ; 0           ; 0           ; 0          ; 0          ; 0          ; 0          ; 0          ; 0          ; 0          ; 0          ; 0          ; 0          ; 0         ; 0           ; 1           ; 0           ; 0           ; 0           ; 1           ;
; next.state5 ; 0           ; 0           ; 0           ; 0           ; 0           ; 0           ; 0           ; 0           ; 0           ; 0           ; 0           ; 0           ; 0           ; 0           ; 0           ; 0           ; 0           ; 0           ; 0           ; 0           ; 0           ; 0           ; 0          ; 0          ; 0          ; 0          ; 0          ; 0          ; 0          ; 0          ; 0          ; 0          ; 0         ; 1           ; 0           ; 0           ; 0           ; 0           ; 1           ;
; next.scan   ; 0           ; 0           ; 0           ; 0           ; 0           ; 0           ; 0           ; 0           ; 0           ; 0           ; 0           ; 0           ; 0           ; 0           ; 0           ; 0           ; 0           ; 0           ; 0           ; 0           ; 0           ; 0           ; 0          ; 0          ; 0          ; 0          ; 0          ; 0          ; 0          ; 0          ; 0          ; 0          ; 1         ; 0           ; 0           ; 0           ; 0           ; 0           ; 1           ;
; next.data0  ; 0           ; 0           ; 0           ; 0           ; 0           ; 0           ; 0           ; 0           ; 0           ; 0           ; 0           ; 0           ; 0           ; 0           ; 0           ; 0           ; 0           ; 0           ; 0           ; 0           ; 0           ; 0           ; 0          ; 0          ; 0          ; 0          ; 0          ; 0          ; 0          ; 0          ; 0          ; 1          ; 0         ; 0           ; 0           ; 0           ; 0           ; 0           ; 1           ;
; next.data1  ; 0           ; 0           ; 0           ; 0           ; 0           ; 0           ; 0           ; 0           ; 0           ; 0           ; 0           ; 0           ; 0           ; 0           ; 0           ; 0           ; 0           ; 0           ; 0           ; 0           ; 0           ; 0           ; 0          ; 0          ; 0          ; 0          ; 0          ; 0          ; 0          ; 0          ; 1          ; 0          ; 0         ; 0           ; 0           ; 0           ; 0           ; 0           ; 1           ;
; next.data2  ; 0           ; 0           ; 0           ; 0           ; 0           ; 0           ; 0           ; 0           ; 0           ; 0           ; 0           ; 0           ; 0           ; 0           ; 0           ; 0           ; 0           ; 0           ; 0           ; 0           ; 0           ; 0           ; 0          ; 0          ; 0          ; 0          ; 0          ; 0          ; 0          ; 1          ; 0          ; 0          ; 0         ; 0           ; 0           ; 0           ; 0           ; 0           ; 1           ;
; next.data3  ; 0           ; 0           ; 0           ; 0           ; 0           ; 0           ; 0           ; 0           ; 0           ; 0           ; 0           ; 0           ; 0           ; 0           ; 0           ; 0           ; 0           ; 0           ; 0           ; 0           ; 0           ; 0           ; 0          ; 0          ; 0          ; 0          ; 0          ; 0          ; 1          ; 0          ; 0          ; 0          ; 0         ; 0           ; 0           ; 0           ; 0           ; 0           ; 1           ;
; next.data4  ; 0           ; 0           ; 0           ; 0           ; 0           ; 0           ; 0           ; 0           ; 0           ; 0           ; 0           ; 0           ; 0           ; 0           ; 0           ; 0           ; 0           ; 0           ; 0           ; 0           ; 0           ; 0           ; 0          ; 0          ; 0          ; 0          ; 0          ; 1          ; 0          ; 0          ; 0          ; 0          ; 0         ; 0           ; 0           ; 0           ; 0           ; 0           ; 1           ;
; next.data5  ; 0           ; 0           ; 0           ; 0           ; 0           ; 0           ; 0           ; 0           ; 0           ; 0           ; 0           ; 0           ; 0           ; 0           ; 0           ; 0           ; 0           ; 0           ; 0           ; 0           ; 0           ; 0           ; 0          ; 0          ; 0          ; 0          ; 1          ; 0          ; 0          ; 0          ; 0          ; 0          ; 0         ; 0           ; 0           ; 0           ; 0           ; 0           ; 1           ;
; next.data6  ; 0           ; 0           ; 0           ; 0           ; 0           ; 0           ; 0           ; 0           ; 0           ; 0           ; 0           ; 0           ; 0           ; 0           ; 0           ; 0           ; 0           ; 0           ; 0           ; 0           ; 0           ; 0           ; 0          ; 0          ; 0          ; 1          ; 0          ; 0          ; 0          ; 0          ; 0          ; 0          ; 0         ; 0           ; 0           ; 0           ; 0           ; 0           ; 1           ;
; next.data7  ; 0           ; 0           ; 0           ; 0           ; 0           ; 0           ; 0           ; 0           ; 0           ; 0           ; 0           ; 0           ; 0           ; 0           ; 0           ; 0           ; 0           ; 0           ; 0           ; 0           ; 0           ; 0           ; 0          ; 0          ; 1          ; 0          ; 0          ; 0          ; 0          ; 0          ; 0          ; 0          ; 0         ; 0           ; 0           ; 0           ; 0           ; 0           ; 1           ;
; next.data8  ; 0           ; 0           ; 0           ; 0           ; 0           ; 0           ; 0           ; 0           ; 0           ; 0           ; 0           ; 0           ; 0           ; 0           ; 0           ; 0           ; 0           ; 0           ; 0           ; 0           ; 0           ; 0           ; 0          ; 1          ; 0          ; 0          ; 0          ; 0          ; 0          ; 0          ; 0          ; 0          ; 0         ; 0           ; 0           ; 0           ; 0           ; 0           ; 1           ;
; next.data9  ; 0           ; 0           ; 0           ; 0           ; 0           ; 0           ; 0           ; 0           ; 0           ; 0           ; 0           ; 0           ; 0           ; 0           ; 0           ; 0           ; 0           ; 0           ; 0           ; 0           ; 0           ; 0           ; 1          ; 0          ; 0          ; 0          ; 0          ; 0          ; 0          ; 0          ; 0          ; 0          ; 0         ; 0           ; 0           ; 0           ; 0           ; 0           ; 1           ;
; next.data10 ; 0           ; 0           ; 0           ; 0           ; 0           ; 0           ; 0           ; 0           ; 0           ; 0           ; 0           ; 0           ; 0           ; 0           ; 0           ; 0           ; 0           ; 0           ; 0           ; 0           ; 0           ; 1           ; 0          ; 0          ; 0          ; 0          ; 0          ; 0          ; 0          ; 0          ; 0          ; 0          ; 0         ; 0           ; 0           ; 0           ; 0           ; 0           ; 1           ;
; next.data11 ; 0           ; 0           ; 0           ; 0           ; 0           ; 0           ; 0           ; 0           ; 0           ; 0           ; 0           ; 0           ; 0           ; 0           ; 0           ; 0           ; 0           ; 0           ; 0           ; 0           ; 1           ; 0           ; 0          ; 0          ; 0          ; 0          ; 0          ; 0          ; 0          ; 0          ; 0          ; 0          ; 0         ; 0           ; 0           ; 0           ; 0           ; 0           ; 1           ;
; next.data12 ; 0           ; 0           ; 0           ; 0           ; 0           ; 0           ; 0           ; 0           ; 0           ; 0           ; 0           ; 0           ; 0           ; 0           ; 0           ; 0           ; 0           ; 0           ; 0           ; 1           ; 0           ; 0           ; 0          ; 0          ; 0          ; 0          ; 0          ; 0          ; 0          ; 0          ; 0          ; 0          ; 0         ; 0           ; 0           ; 0           ; 0           ; 0           ; 1           ;
; next.data13 ; 0           ; 0           ; 0           ; 0           ; 0           ; 0           ; 0           ; 0           ; 0           ; 0           ; 0           ; 0           ; 0           ; 0           ; 0           ; 0           ; 0           ; 0           ; 1           ; 0           ; 0           ; 0           ; 0          ; 0          ; 0          ; 0          ; 0          ; 0          ; 0          ; 0          ; 0          ; 0          ; 0         ; 0           ; 0           ; 0           ; 0           ; 0           ; 1           ;
; next.data14 ; 0           ; 0           ; 0           ; 0           ; 0           ; 0           ; 0           ; 0           ; 0           ; 0           ; 0           ; 0           ; 0           ; 0           ; 0           ; 0           ; 0           ; 1           ; 0           ; 0           ; 0           ; 0           ; 0          ; 0          ; 0          ; 0          ; 0          ; 0          ; 0          ; 0          ; 0          ; 0          ; 0         ; 0           ; 0           ; 0           ; 0           ; 0           ; 1           ;
; next.data15 ; 0           ; 0           ; 0           ; 0           ; 0           ; 0           ; 0           ; 0           ; 0           ; 0           ; 0           ; 0           ; 0           ; 0           ; 0           ; 0           ; 1           ; 0           ; 0           ; 0           ; 0           ; 0           ; 0          ; 0          ; 0          ; 0          ; 0          ; 0          ; 0          ; 0          ; 0          ; 0          ; 0         ; 0           ; 0           ; 0           ; 0           ; 0           ; 1           ;
; next.data16 ; 0           ; 0           ; 0           ; 0           ; 0           ; 0           ; 0           ; 0           ; 0           ; 0           ; 0           ; 0           ; 0           ; 0           ; 0           ; 1           ; 0           ; 0           ; 0           ; 0           ; 0           ; 0           ; 0          ; 0          ; 0          ; 0          ; 0          ; 0          ; 0          ; 0          ; 0          ; 0          ; 0         ; 0           ; 0           ; 0           ; 0           ; 0           ; 1           ;
; next.data17 ; 0           ; 0           ; 0           ; 0           ; 0           ; 0           ; 0           ; 0           ; 0           ; 0           ; 0           ; 0           ; 0           ; 0           ; 1           ; 0           ; 0           ; 0           ; 0           ; 0           ; 0           ; 0           ; 0          ; 0          ; 0          ; 0          ; 0          ; 0          ; 0          ; 0          ; 0          ; 0          ; 0         ; 0           ; 0           ; 0           ; 0           ; 0           ; 1           ;
; next.data18 ; 0           ; 0           ; 0           ; 0           ; 0           ; 0           ; 0           ; 0           ; 0           ; 0           ; 0           ; 0           ; 0           ; 1           ; 0           ; 0           ; 0           ; 0           ; 0           ; 0           ; 0           ; 0           ; 0          ; 0          ; 0          ; 0          ; 0          ; 0          ; 0          ; 0          ; 0          ; 0          ; 0         ; 0           ; 0           ; 0           ; 0           ; 0           ; 1           ;
; next.data19 ; 0           ; 0           ; 0           ; 0           ; 0           ; 0           ; 0           ; 0           ; 0           ; 0           ; 0           ; 0           ; 1           ; 0           ; 0           ; 0           ; 0           ; 0           ; 0           ; 0           ; 0           ; 0           ; 0          ; 0          ; 0          ; 0          ; 0          ; 0          ; 0          ; 0          ; 0          ; 0          ; 0         ; 0           ; 0           ; 0           ; 0           ; 0           ; 1           ;
; next.data20 ; 0           ; 0           ; 0           ; 0           ; 0           ; 0           ; 0           ; 0           ; 0           ; 0           ; 0           ; 1           ; 0           ; 0           ; 0           ; 0           ; 0           ; 0           ; 0           ; 0           ; 0           ; 0           ; 0          ; 0          ; 0          ; 0          ; 0          ; 0          ; 0          ; 0          ; 0          ; 0          ; 0         ; 0           ; 0           ; 0           ; 0           ; 0           ; 1           ;
; next.data21 ; 0           ; 0           ; 0           ; 0           ; 0           ; 0           ; 0           ; 0           ; 0           ; 0           ; 1           ; 0           ; 0           ; 0           ; 0           ; 0           ; 0           ; 0           ; 0           ; 0           ; 0           ; 0           ; 0          ; 0          ; 0          ; 0          ; 0          ; 0          ; 0          ; 0          ; 0          ; 0          ; 0         ; 0           ; 0           ; 0           ; 0           ; 0           ; 1           ;
; next.data22 ; 0           ; 0           ; 0           ; 0           ; 0           ; 0           ; 0           ; 0           ; 0           ; 1           ; 0           ; 0           ; 0           ; 0           ; 0           ; 0           ; 0           ; 0           ; 0           ; 0           ; 0           ; 0           ; 0          ; 0          ; 0          ; 0          ; 0          ; 0          ; 0          ; 0          ; 0          ; 0          ; 0         ; 0           ; 0           ; 0           ; 0           ; 0           ; 1           ;
; next.data23 ; 0           ; 0           ; 0           ; 0           ; 0           ; 0           ; 0           ; 0           ; 1           ; 0           ; 0           ; 0           ; 0           ; 0           ; 0           ; 0           ; 0           ; 0           ; 0           ; 0           ; 0           ; 0           ; 0          ; 0          ; 0          ; 0          ; 0          ; 0          ; 0          ; 0          ; 0          ; 0          ; 0         ; 0           ; 0           ; 0           ; 0           ; 0           ; 1           ;
; next.data24 ; 0           ; 0           ; 0           ; 0           ; 0           ; 0           ; 0           ; 1           ; 0           ; 0           ; 0           ; 0           ; 0           ; 0           ; 0           ; 0           ; 0           ; 0           ; 0           ; 0           ; 0           ; 0           ; 0          ; 0          ; 0          ; 0          ; 0          ; 0          ; 0          ; 0          ; 0          ; 0          ; 0         ; 0           ; 0           ; 0           ; 0           ; 0           ; 1           ;
; next.data25 ; 0           ; 0           ; 0           ; 0           ; 0           ; 0           ; 1           ; 0           ; 0           ; 0           ; 0           ; 0           ; 0           ; 0           ; 0           ; 0           ; 0           ; 0           ; 0           ; 0           ; 0           ; 0           ; 0          ; 0          ; 0          ; 0          ; 0          ; 0          ; 0          ; 0          ; 0          ; 0          ; 0         ; 0           ; 0           ; 0           ; 0           ; 0           ; 1           ;
; next.data26 ; 0           ; 0           ; 0           ; 0           ; 0           ; 1           ; 0           ; 0           ; 0           ; 0           ; 0           ; 0           ; 0           ; 0           ; 0           ; 0           ; 0           ; 0           ; 0           ; 0           ; 0           ; 0           ; 0          ; 0          ; 0          ; 0          ; 0          ; 0          ; 0          ; 0          ; 0          ; 0          ; 0         ; 0           ; 0           ; 0           ; 0           ; 0           ; 1           ;
; next.data27 ; 0           ; 0           ; 0           ; 0           ; 1           ; 0           ; 0           ; 0           ; 0           ; 0           ; 0           ; 0           ; 0           ; 0           ; 0           ; 0           ; 0           ; 0           ; 0           ; 0           ; 0           ; 0           ; 0          ; 0          ; 0          ; 0          ; 0          ; 0          ; 0          ; 0          ; 0          ; 0          ; 0         ; 0           ; 0           ; 0           ; 0           ; 0           ; 1           ;
; next.data28 ; 0           ; 0           ; 0           ; 1           ; 0           ; 0           ; 0           ; 0           ; 0           ; 0           ; 0           ; 0           ; 0           ; 0           ; 0           ; 0           ; 0           ; 0           ; 0           ; 0           ; 0           ; 0           ; 0          ; 0          ; 0          ; 0          ; 0          ; 0          ; 0          ; 0          ; 0          ; 0          ; 0         ; 0           ; 0           ; 0           ; 0           ; 0           ; 1           ;
; next.data29 ; 0           ; 0           ; 1           ; 0           ; 0           ; 0           ; 0           ; 0           ; 0           ; 0           ; 0           ; 0           ; 0           ; 0           ; 0           ; 0           ; 0           ; 0           ; 0           ; 0           ; 0           ; 0           ; 0          ; 0          ; 0          ; 0          ; 0          ; 0          ; 0          ; 0          ; 0          ; 0          ; 0         ; 0           ; 0           ; 0           ; 0           ; 0           ; 1           ;
; next.data30 ; 0           ; 1           ; 0           ; 0           ; 0           ; 0           ; 0           ; 0           ; 0           ; 0           ; 0           ; 0           ; 0           ; 0           ; 0           ; 0           ; 0           ; 0           ; 0           ; 0           ; 0           ; 0           ; 0          ; 0          ; 0          ; 0          ; 0          ; 0          ; 0          ; 0          ; 0          ; 0          ; 0         ; 0           ; 0           ; 0           ; 0           ; 0           ; 1           ;
; next.data31 ; 1           ; 0           ; 0           ; 0           ; 0           ; 0           ; 0           ; 0           ; 0           ; 0           ; 0           ; 0           ; 0           ; 0           ; 0           ; 0           ; 0           ; 0           ; 0           ; 0           ; 0           ; 0           ; 0          ; 0          ; 0          ; 0          ; 0          ; 0          ; 0          ; 0          ; 0          ; 0          ; 0         ; 0           ; 0           ; 0           ; 0           ; 0           ; 1           ;
+-------------+-------------+-------------+-------------+-------------+-------------+-------------+-------------+-------------+-------------+-------------+-------------+-------------+-------------+-------------+-------------+-------------+-------------+-------------+-------------+-------------+-------------+-------------+------------+------------+------------+------------+------------+------------+------------+------------+------------+------------+-----------+-------------+-------------+-------------+-------------+-------------+-------------+


+---------------------------------------------------------------------------------+
; Registers Removed During Synthesis                                              ;
+----------------------------------------+----------------------------------------+
; Register name                          ; Reason for Removal                     ;
+----------------------------------------+----------------------------------------+
; LCD:L0|en_sel                          ; Stuck at VCC due to stuck port data_in ;
; LCD:L0|two_1[6,7]                      ; Stuck at GND due to stuck port data_in ;
; LCD:L0|two_1[5]                        ; Stuck at VCC due to stuck port data_in ;
; LCD:L0|two_1[2,3]                      ; Stuck at GND due to stuck port data_in ;
; LCD:L0|two_2[6,7]                      ; Stuck at GND due to stuck port data_in ;
; LCD:L0|two_2[5]                        ; Stuck at VCC due to stuck port data_in ;
; LCD:L0|two_3[6,7]                      ; Stuck at GND due to stuck port data_in ;
; LCD:L0|two_3[5]                        ; Stuck at VCC due to stuck port data_in ;
; LCD:L0|two_7[6,7]                      ; Stuck at GND due to stuck port data_in ;
; LCD:L0|two_7[5]                        ; Stuck at VCC due to stuck port data_in ;
; LCD:L0|two_7[2,3]                      ; Stuck at GND due to stuck port data_in ;
; LCD:L0|two_8[6,7]                      ; Stuck at GND due to stuck port data_in ;
; LCD:L0|two_8[5]                        ; Stuck at VCC due to stuck port data_in ;
; LCD:L0|two_9[6,7]                      ; Stuck at GND due to stuck port data_in ;
; LCD:L0|two_9[5]                        ; Stuck at VCC due to stuck port data_in ;
; LCD:L0|two_12[6,7]                     ; Stuck at GND due to stuck port data_in ;
; LCD:L0|two_12[5]                       ; Stuck at VCC due to stuck port data_in ;
; LCD:L0|two_13[6,7]                     ; Stuck at GND due to stuck port data_in ;
; LCD:L0|two_13[5]                       ; Stuck at VCC due to stuck port data_in ;
; LCD:L0|two_14[6,7]                     ; Stuck at GND due to stuck port data_in ;
; LCD:L0|two_14[5]                       ; Stuck at VCC due to stuck port data_in ;
; LCD:L0|two_15[6,7]                     ; Stuck at GND due to stuck port data_in ;
; LCD:L0|two_15[5]                       ; Stuck at VCC due to stuck port data_in ;
; LCD:L0|two_16[6,7]                     ; Stuck at GND due to stuck port data_in ;
; LCD:L0|two_16[5]                       ; Stuck at VCC due to stuck port data_in ;
; LCD:L0|two_5[4]                        ; Stuck at GND due to stuck port data_in ;
; LCD:L0|two_5[5]                        ; Stuck at VCC due to stuck port data_in ;
; LCD:L0|two_5[6,7]                      ; Stuck at GND due to stuck port data_in ;
; bin2bcd:bb0|data_1[0]                  ; Stuck at GND due to stuck port data_in ;
; bin2bcd:bb0|data_2[0]                  ; Stuck at GND due to stuck port data_in ;
; bin2bcd:bb0|data_3[0]                  ; Stuck at GND due to stuck port data_in ;
; ca7[1..6]                              ; Merged with ca7[0]                     ;
; LCD:L0|two_13[4]                       ; Merged with LCD:L0|two_12[4]           ;
; LCD:L0|two_14[4]                       ; Merged with LCD:L0|two_12[4]           ;
; LCD:L0|two_15[4]                       ; Merged with LCD:L0|two_12[4]           ;
; LCD:L0|two_16[4]                       ; Merged with LCD:L0|two_12[4]           ;
; LCD:L0|two_1[4]                        ; Merged with LCD:L0|two_12[4]           ;
; LCD:L0|two_2[4]                        ; Merged with LCD:L0|two_12[4]           ;
; LCD:L0|two_3[4]                        ; Merged with LCD:L0|two_12[4]           ;
; LCD:L0|two_7[4]                        ; Merged with LCD:L0|two_12[4]           ;
; LCD:L0|two_8[4]                        ; Merged with LCD:L0|two_12[4]           ;
; LCD:L0|two_9[4]                        ; Merged with LCD:L0|two_12[4]           ;
; bin_dec:bd1|count[3]                   ; Merged with bin_dec:bd0|count[3]       ;
; bin_dec:bd1|count[0]                   ; Merged with bin_dec:bd0|count[0]       ;
; bin_dec:bd1|count[2]                   ; Merged with bin_dec:bd0|count[2]       ;
; bin_dec:bd1|count[1]                   ; Merged with bin_dec:bd0|count[1]       ;
; bin2bcd:bb0|data_1[4]                  ; Merged with bin2bcd:bb0|data_1[1]      ;
; bin2bcd:bb0|data_2[4]                  ; Merged with bin2bcd:bb0|data_2[1]      ;
; bin2bcd:bb0|data_3[2]                  ; Merged with bin2bcd:bb0|data_3[14]     ;
; bin2bcd:bb0|data_3[4]                  ; Merged with bin2bcd:bb0|data_3[1]      ;
; bin2bcd:bb0|data_3[16]                 ; Merged with bin2bcd:bb0|data_3[13]     ;
; ca7[0]                                 ; Stuck at VCC due to stuck port data_in ;
; HEX7[0]~reg0                           ; Stuck at VCC due to stuck port data_in ;
; HEX7[1]~reg0                           ; Stuck at VCC due to stuck port data_in ;
; HEX7[2]~reg0                           ; Stuck at VCC due to stuck port data_in ;
; HEX7[3]~reg0                           ; Stuck at VCC due to stuck port data_in ;
; HEX7[4]~reg0                           ; Stuck at VCC due to stuck port data_in ;
; HEX7[5]~reg0                           ; Stuck at VCC due to stuck port data_in ;
; HEX7[6]~reg0                           ; Stuck at VCC due to stuck port data_in ;
; LEDR[17]~reg0                          ; Stuck at GND due to stuck port data_in ;
; LCD:L0|next~2                          ; Lost fanout                            ;
; LCD:L0|next~3                          ; Lost fanout                            ;
; LCD:L0|next~4                          ; Lost fanout                            ;
; LCD:L0|next~5                          ; Lost fanout                            ;
; LCD:L0|next~6                          ; Lost fanout                            ;
; LCD:L0|next~7                          ; Lost fanout                            ;
; LCD:L0|next~8                          ; Lost fanout                            ;
; LCD:L0|next~9                          ; Lost fanout                            ;
; ca6[3]                                 ; Merged with ca6[0]                     ;
; Total Number of Removed Registers = 88 ;                                        ;
+----------------------------------------+----------------------------------------+


+---------------------------------------------------------------------------------------------------------------------------------+
; Removed Registers Triggering Further Register Optimizations                                                                     ;
+---------------+---------------------------+-------------------------------------------------------------------------------------+
; Register name ; Reason for Removal        ; Registers Removed due to This Register                                              ;
+---------------+---------------------------+-------------------------------------------------------------------------------------+
; ca7[0]        ; Stuck at VCC              ; HEX7[0]~reg0, HEX7[1]~reg0, HEX7[2]~reg0, HEX7[3]~reg0, HEX7[4]~reg0, HEX7[5]~reg0, ;
;               ; due to stuck port data_in ; HEX7[6]~reg0                                                                        ;
+---------------+---------------------------+-------------------------------------------------------------------------------------+


+------------------------------------------------------+
; General Register Statistics                          ;
+----------------------------------------------+-------+
; Statistic                                    ; Value ;
+----------------------------------------------+-------+
; Total registers                              ; 488   ;
; Number of registers using Synchronous Clear  ; 73    ;
; Number of registers using Synchronous Load   ; 66    ;
; Number of registers using Asynchronous Clear ; 58    ;
; Number of registers using Asynchronous Load  ; 0     ;
; Number of registers using Clock Enable       ; 227   ;
; Number of registers using Preset             ; 0     ;
+----------------------------------------------+-------+


+-----------------------------------------------------------------------------------------------------------------------------------------------------+
; Multiplexer Restructuring Statistics (Restructuring Performed)                                                                                      ;
+--------------------+-----------+---------------+----------------------+------------------------+------------+---------------------------------------+
; Multiplexer Inputs ; Bus Width ; Baseline Area ; Area if Restructured ; Saving if Restructured ; Registered ; Example Multiplexer Output            ;
+--------------------+-----------+---------------+----------------------+------------------------+------------+---------------------------------------+
; 3:1                ; 9 bits    ; 18 LEs        ; 18 LEs               ; 0 LEs                  ; Yes        ; |calculater|HEX3[0]~reg0              ;
; 3:1                ; 40 bits   ; 80 LEs        ; 80 LEs               ; 0 LEs                  ; Yes        ; |calculater|HEX0[5]~reg0              ;
; 3:1                ; 20 bits   ; 40 LEs        ; 20 LEs               ; 20 LEs                 ; Yes        ; |calculater|bin_dec:bd0|ten[3]        ;
; 3:1                ; 4 bits    ; 8 LEs         ; 4 LEs                ; 4 LEs                  ; Yes        ; |calculater|bin_dec:bd0|count[0]      ;
; 4:1                ; 2 bits    ; 4 LEs         ; 2 LEs                ; 2 LEs                  ; Yes        ; |calculater|bin_dec:bd0|shift_reg[0]  ;
; 4:1                ; 4 bits    ; 8 LEs         ; 4 LEs                ; 4 LEs                  ; Yes        ; |calculater|bin_dec:bd1|shift_reg[8]  ;
; 4:1                ; 14 bits   ; 28 LEs        ; 28 LEs               ; 0 LEs                  ; Yes        ; |calculater|bin_dec:bd1|shift_reg[1]  ;
; 16:1               ; 4 bits    ; 40 LEs        ; 8 LEs                ; 32 LEs                 ; Yes        ; |calculater|LCD:L0|two_5[0]           ;
; 16:1               ; 11 bits   ; 110 LEs       ; 11 LEs               ; 99 LEs                 ; Yes        ; |calculater|ca6[6]                    ;
; 16:1               ; 7 bits    ; 70 LEs        ; 7 LEs                ; 63 LEs                 ; Yes        ; |calculater|p[13]                     ;
; 16:1               ; 8 bits    ; 80 LEs        ; 8 LEs                ; 72 LEs                 ; Yes        ; |calculater|ca2[1]                    ;
; 16:1               ; 25 bits   ; 250 LEs       ; 25 LEs               ; 225 LEs                ; Yes        ; |calculater|ca1[0]                    ;
; 5:1                ; 4 bits    ; 12 LEs        ; 12 LEs               ; 0 LEs                  ; Yes        ; |calculater|bin2bcd:bb0|data_a[2]     ;
; 5:1                ; 4 bits    ; 12 LEs        ; 12 LEs               ; 0 LEs                  ; Yes        ; |calculater|bin2bcd:bb0|data_b[3]     ;
; 5:1                ; 4 bits    ; 12 LEs        ; 12 LEs               ; 0 LEs                  ; Yes        ; |calculater|bin2bcd:bb0|data_c[4]     ;
; 5:1                ; 3 bits    ; 9 LEs         ; 9 LEs                ; 0 LEs                  ; Yes        ; |calculater|bin2bcd:bb0|data_d[2]     ;
; 5:1                ; 4 bits    ; 12 LEs        ; 8 LEs                ; 4 LEs                  ; Yes        ; |calculater|bin_dec:bd0|shift_reg[11] ;
; 5:1                ; 4 bits    ; 12 LEs        ; 8 LEs                ; 4 LEs                  ; Yes        ; |calculater|bin_dec:bd0|shift_reg[16] ;
; 5:1                ; 4 bits    ; 12 LEs        ; 8 LEs                ; 4 LEs                  ; Yes        ; |calculater|bin_dec:bd1|shift_reg[9]  ;
; 5:1                ; 4 bits    ; 12 LEs        ; 8 LEs                ; 4 LEs                  ; Yes        ; |calculater|bin_dec:bd1|shift_reg[14] ;
; 8:1                ; 2 bits    ; 10 LEs        ; 2 LEs                ; 8 LEs                  ; Yes        ; |calculater|ca6[3]                    ;
; 8:1                ; 2 bits    ; 10 LEs        ; 2 LEs                ; 8 LEs                  ; Yes        ; |calculater|ca2[3]                    ;
; 8:1                ; 16 bits   ; 80 LEs        ; 16 LEs               ; 64 LEs                 ; Yes        ; |calculater|a3[7]                     ;
; 17:1               ; 8 bits    ; 88 LEs        ; 24 LEs               ; 64 LEs                 ; Yes        ; |calculater|p[2]                      ;
; 7:1                ; 16 bits   ; 64 LEs        ; 16 LEs               ; 48 LEs                 ; Yes        ; |calculater|b0[6]                     ;
; 7:1                ; 16 bits   ; 64 LEs        ; 16 LEs               ; 48 LEs                 ; Yes        ; |calculater|b1[5]                     ;
; 7:1                ; 16 bits   ; 64 LEs        ; 16 LEs               ; 48 LEs                 ; Yes        ; |calculater|b2[4]                     ;
+--------------------+-----------+---------------+----------------------+------------------------+------------+---------------------------------------+


+----------------------------------------------------------------------------+
; Parameter Settings for User Entity Instance: Top-level Entity: |calculater ;
+----------------+---------+-------------------------------------------------+
; Parameter Name ; Value   ; Type                                            ;
+----------------+---------+-------------------------------------------------+
; _0             ; 1000000 ; Unsigned Binary                                 ;
; _1             ; 1111001 ; Unsigned Binary                                 ;
; _2             ; 0100100 ; Unsigned Binary                                 ;
; _3             ; 0110000 ; Unsigned Binary                                 ;
; _4             ; 0011001 ; Unsigned Binary                                 ;
; _5             ; 0010010 ; Unsigned Binary                                 ;
; _6             ; 0000010 ; Unsigned Binary                                 ;
; _7             ; 1111000 ; Unsigned Binary                                 ;
; _8             ; 0000000 ; Unsigned Binary                                 ;
; _9             ; 0010000 ; Unsigned Binary                                 ;
; _none          ; 1111111 ; Unsigned Binary                                 ;
+----------------+---------+-------------------------------------------------+
Note: In order to hide this table in the UI and the text report file, please set the "Show Parameter Settings in Synthesis Report" option in "Analysis and Synthesis Settings -> More Settings" to "Off".


+--------------------------------------------------------+
; Parameter Settings for User Entity Instance: Adder1:A0 ;
+----------------+-------+-------------------------------+
; Parameter Name ; Value ; Type                          ;
+----------------+-------+-------------------------------+
; n              ; 8     ; Signed Integer                ;
+----------------+-------+-------------------------------+
Note: In order to hide this table in the UI and the text report file, please set the "Show Parameter Settings in Synthesis Report" option in "Analysis and Synthesis Settings -> More Settings" to "Off".


+--------------------------------------------------------------------+
; Parameter Settings for User Entity Instance: multiply:m0|Adder1:a1 ;
+----------------+-------+-------------------------------------------+
; Parameter Name ; Value ; Type                                      ;
+----------------+-------+-------------------------------------------+
; n              ; 8     ; Signed Integer                            ;
+----------------+-------+-------------------------------------------+
Note: In order to hide this table in the UI and the text report file, please set the "Show Parameter Settings in Synthesis Report" option in "Analysis and Synthesis Settings -> More Settings" to "Off".


+--------------------------------------------------------------------+
; Parameter Settings for User Entity Instance: multiply:m0|Adder1:a2 ;
+----------------+-------+-------------------------------------------+
; Parameter Name ; Value ; Type                                      ;
+----------------+-------+-------------------------------------------+
; n              ; 8     ; Signed Integer                            ;
+----------------+-------+-------------------------------------------+
Note: In order to hide this table in the UI and the text report file, please set the "Show Parameter Settings in Synthesis Report" option in "Analysis and Synthesis Settings -> More Settings" to "Off".


+--------------------------------------------------------------------+
; Parameter Settings for User Entity Instance: multiply:m0|Adder1:a3 ;
+----------------+-------+-------------------------------------------+
; Parameter Name ; Value ; Type                                      ;
+----------------+-------+-------------------------------------------+
; n              ; 8     ; Signed Integer                            ;
+----------------+-------+-------------------------------------------+
Note: In order to hide this table in the UI and the text report file, please set the "Show Parameter Settings in Synthesis Report" option in "Analysis and Synthesis Settings -> More Settings" to "Off".


+--------------------------------------------------------------------+
; Parameter Settings for User Entity Instance: multiply:m0|Adder1:a4 ;
+----------------+-------+-------------------------------------------+
; Parameter Name ; Value ; Type                                      ;
+----------------+-------+-------------------------------------------+
; n              ; 8     ; Signed Integer                            ;
+----------------+-------+-------------------------------------------+
Note: In order to hide this table in the UI and the text report file, please set the "Show Parameter Settings in Synthesis Report" option in "Analysis and Synthesis Settings -> More Settings" to "Off".


+--------------------------------------------------------------------+
; Parameter Settings for User Entity Instance: multiply:m0|Adder1:a5 ;
+----------------+-------+-------------------------------------------+
; Parameter Name ; Value ; Type                                      ;
+----------------+-------+-------------------------------------------+
; n              ; 8     ; Signed Integer                            ;
+----------------+-------+-------------------------------------------+
Note: In order to hide this table in the UI and the text report file, please set the "Show Parameter Settings in Synthesis Report" option in "Analysis and Synthesis Settings -> More Settings" to "Off".


+--------------------------------------------------------------------+
; Parameter Settings for User Entity Instance: multiply:m0|Adder1:a6 ;
+----------------+-------+-------------------------------------------+
; Parameter Name ; Value ; Type                                      ;
+----------------+-------+-------------------------------------------+
; n              ; 8     ; Signed Integer                            ;
+----------------+-------+-------------------------------------------+
Note: In order to hide this table in the UI and the text report file, please set the "Show Parameter Settings in Synthesis Report" option in "Analysis and Synthesis Settings -> More Settings" to "Off".


+--------------------------------------------------------------------+
; Parameter Settings for User Entity Instance: multiply:m0|Adder1:a7 ;
+----------------+-------+-------------------------------------------+
; Parameter Name ; Value ; Type                                      ;
+----------------+-------+-------------------------------------------+
; n              ; 8     ; Signed Integer                            ;
+----------------+-------+-------------------------------------------+
Note: In order to hide this table in the UI and the text report file, please set the "Show Parameter Settings in Synthesis Report" option in "Analysis and Synthesis Settings -> More Settings" to "Off".


+---------------------------------------------------------+
; Parameter Settings for User Entity Instance: display:d0 ;
+----------------+---------+------------------------------+
; Parameter Name ; Value   ; Type                         ;
+----------------+---------+------------------------------+
; _0             ; 1000000 ; Unsigned Binary              ;
; _1             ; 1111001 ; Unsigned Binary              ;
; _2             ; 0100100 ; Unsigned Binary              ;
; _3             ; 0110000 ; Unsigned Binary              ;
; _4             ; 0011001 ; Unsigned Binary              ;
; _5             ; 0010010 ; Unsigned Binary              ;
; _6             ; 0000010 ; Unsigned Binary              ;
; _7             ; 1111000 ; Unsigned Binary              ;
; _8             ; 0000000 ; Unsigned Binary              ;
; _9             ; 0010000 ; Unsigned Binary              ;
; _none          ; 1111111 ; Unsigned Binary              ;
+----------------+---------+------------------------------+
Note: In order to hide this table in the UI and the text report file, please set the "Show Parameter Settings in Synthesis Report" option in "Analysis and Synthesis Settings -> More Settings" to "Off".


+---------------------------------------------------------+
; Parameter Settings for User Entity Instance: display:d1 ;
+----------------+---------+------------------------------+
; Parameter Name ; Value   ; Type                         ;
+----------------+---------+------------------------------+
; _0             ; 1000000 ; Unsigned Binary              ;
; _1             ; 1111001 ; Unsigned Binary              ;
; _2             ; 0100100 ; Unsigned Binary              ;
; _3             ; 0110000 ; Unsigned Binary              ;
; _4             ; 0011001 ; Unsigned Binary              ;
; _5             ; 0010010 ; Unsigned Binary              ;
; _6             ; 0000010 ; Unsigned Binary              ;
; _7             ; 1111000 ; Unsigned Binary              ;
; _8             ; 0000000 ; Unsigned Binary              ;
; _9             ; 0010000 ; Unsigned Binary              ;
; _none          ; 1111111 ; Unsigned Binary              ;
+----------------+---------+------------------------------+
Note: In order to hide this table in the UI and the text report file, please set the "Show Parameter Settings in Synthesis Report" option in "Analysis and Synthesis Settings -> More Settings" to "Off".


+-----------------------------------------------------------+
; Parameter Settings for User Entity Instance: display_5:d5 ;
+----------------+---------+--------------------------------+
; Parameter Name ; Value   ; Type                           ;
+----------------+---------+--------------------------------+
; _0             ; 1000000 ; Unsigned Binary                ;
; _1             ; 1111001 ; Unsigned Binary                ;
; _2             ; 0100100 ; Unsigned Binary                ;
; _3             ; 0110000 ; Unsigned Binary                ;
; _4             ; 0011001 ; Unsigned Binary                ;
; _5             ; 0010010 ; Unsigned Binary                ;
; _6             ; 0000010 ; Unsigned Binary                ;
; _7             ; 1111000 ; Unsigned Binary                ;
; _8             ; 0000000 ; Unsigned Binary                ;
; _9             ; 0010000 ; Unsigned Binary                ;
; _none          ; 1111111 ; Unsigned Binary                ;
+----------------+---------+--------------------------------+
Note: In order to hide this table in the UI and the text report file, please set the "Show Parameter Settings in Synthesis Report" option in "Analysis and Synthesis Settings -> More Settings" to "Off".


+----------------------------------------------------------------+
; Parameter Settings for User Entity Instance: display_div:dd_is ;
+----------------+---------+-------------------------------------+
; Parameter Name ; Value   ; Type                                ;
+----------------+---------+-------------------------------------+
; _0             ; 1000000 ; Unsigned Binary                     ;
; _1             ; 1111001 ; Unsigned Binary                     ;
; _2             ; 0100100 ; Unsigned Binary                     ;
; _3             ; 0110000 ; Unsigned Binary                     ;
; _4             ; 0011001 ; Unsigned Binary                     ;
; _5             ; 0010010 ; Unsigned Binary                     ;
; _6             ; 0000010 ; Unsigned Binary                     ;
; _7             ; 1111000 ; Unsigned Binary                     ;
; _8             ; 0000000 ; Unsigned Binary                     ;
; _9             ; 0010000 ; Unsigned Binary                     ;
; _none          ; 1111111 ; Unsigned Binary                     ;
+----------------+---------+-------------------------------------+
Note: In order to hide this table in the UI and the text report file, please set the "Show Parameter Settings in Synthesis Report" option in "Analysis and Synthesis Settings -> More Settings" to "Off".


+----------------------------------------------------------------+
; Parameter Settings for User Entity Instance: display_div:dd_yu ;
+----------------+---------+-------------------------------------+
; Parameter Name ; Value   ; Type                                ;
+----------------+---------+-------------------------------------+
; _0             ; 1000000 ; Unsigned Binary                     ;
; _1             ; 1111001 ; Unsigned Binary                     ;
; _2             ; 0100100 ; Unsigned Binary                     ;
; _3             ; 0110000 ; Unsigned Binary                     ;
; _4             ; 0011001 ; Unsigned Binary                     ;
; _5             ; 0010010 ; Unsigned Binary                     ;
; _6             ; 0000010 ; Unsigned Binary                     ;
; _7             ; 1111000 ; Unsigned Binary                     ;
; _8             ; 0000000 ; Unsigned Binary                     ;
; _9             ; 0010000 ; Unsigned Binary                     ;
; _none          ; 1111111 ; Unsigned Binary                     ;
+----------------+---------+-------------------------------------+
Note: In order to hide this table in the UI and the text report file, please set the "Show Parameter Settings in Synthesis Report" option in "Analysis and Synthesis Settings -> More Settings" to "Off".


+-----------------------------------------------------+
; Parameter Settings for User Entity Instance: LCD:L0 ;
+----------------+----------+-------------------------+
; Parameter Name ; Value    ; Type                    ;
+----------------+----------+-------------------------+
; state0         ; 00000000 ; Unsigned Binary         ;
; state1         ; 00000001 ; Unsigned Binary         ;
; state2         ; 00000010 ; Unsigned Binary         ;
; state3         ; 00000011 ; Unsigned Binary         ;
; state4         ; 00000100 ; Unsigned Binary         ;
; state5         ; 00000101 ; Unsigned Binary         ;
; scan           ; 00000110 ; Unsigned Binary         ;
; nul            ; 00000111 ; Unsigned Binary         ;
; data0          ; 00010000 ; Unsigned Binary         ;
; data1          ; 00010001 ; Unsigned Binary         ;
; data2          ; 00010010 ; Unsigned Binary         ;
; data3          ; 00010011 ; Unsigned Binary         ;
; data4          ; 00010100 ; Unsigned Binary         ;
; data5          ; 00010101 ; Unsigned Binary         ;
; data6          ; 00010110 ; Unsigned Binary         ;
; data7          ; 00010111 ; Unsigned Binary         ;
; data8          ; 00011000 ; Unsigned Binary         ;
; data9          ; 00011001 ; Unsigned Binary         ;
; data10         ; 00100000 ; Unsigned Binary         ;
; data11         ; 00100001 ; Unsigned Binary         ;
; data12         ; 00100010 ; Unsigned Binary         ;
; data13         ; 00100011 ; Unsigned Binary         ;
; data14         ; 00100100 ; Unsigned Binary         ;
; data15         ; 00100101 ; Unsigned Binary         ;
; data16         ; 00100110 ; Unsigned Binary         ;
; data17         ; 00100111 ; Unsigned Binary         ;
; data18         ; 00101000 ; Unsigned Binary         ;
; data19         ; 00101001 ; Unsigned Binary         ;
; data20         ; 00110000 ; Unsigned Binary         ;
; data21         ; 00110001 ; Unsigned Binary         ;
; data22         ; 00110010 ; Unsigned Binary         ;
; data23         ; 00110011 ; Unsigned Binary         ;
; data24         ; 00110100 ; Unsigned Binary         ;
; data25         ; 00110101 ; Unsigned Binary         ;
; data26         ; 00110110 ; Unsigned Binary         ;
; data27         ; 00110111 ; Unsigned Binary         ;
; data28         ; 00111000 ; Unsigned Binary         ;
; data29         ; 00111001 ; Unsigned Binary         ;
; data30         ; 01000000 ; Unsigned Binary         ;
; data31         ; 01000001 ; Unsigned Binary         ;
+----------------+----------+-------------------------+
Note: In order to hide this table in the UI and the text report file, please set the "Show Parameter Settings in Synthesis Report" option in "Analysis and Synthesis Settings -> More Settings" to "Off".


+-----------------------------------------------------------------------------------------------------------------+
; Port Connectivity Checks: "bin_dec:bd1"                                                                         ;
+-------+--------+----------+-------------------------------------------------------------------------------------+
; Port  ; Type   ; Severity ; Details                                                                             ;
+-------+--------+----------+-------------------------------------------------------------------------------------+
; count ; Output ; Info     ; Connected to dangling logic. Logic that only feeds a dangling port will be removed. ;
+-------+--------+----------+-------------------------------------------------------------------------------------+


+-----------------------------------------------------------------------------------------------------------------+
; Port Connectivity Checks: "bin_dec:bd0"                                                                         ;
+-------+--------+----------+-------------------------------------------------------------------------------------+
; Port  ; Type   ; Severity ; Details                                                                             ;
+-------+--------+----------+-------------------------------------------------------------------------------------+
; count ; Output ; Info     ; Connected to dangling logic. Logic that only feeds a dangling port will be removed. ;
+-------+--------+----------+-------------------------------------------------------------------------------------+


+---------------------------------------------------+
; Port Connectivity Checks: "multiply:m0|Adder1:a7" ;
+------+-------+----------+-------------------------+
; Port ; Type  ; Severity ; Details                 ;
+------+-------+----------+-------------------------+
; cin  ; Input ; Info     ; Stuck at GND            ;
+------+-------+----------+-------------------------+


+---------------------------------------------------+
; Port Connectivity Checks: "multiply:m0|Adder1:a6" ;
+------+-------+----------+-------------------------+
; Port ; Type  ; Severity ; Details                 ;
+------+-------+----------+-------------------------+
; cin  ; Input ; Info     ; Stuck at GND            ;
+------+-------+----------+-------------------------+


+---------------------------------------------------+
; Port Connectivity Checks: "multiply:m0|Adder1:a5" ;
+------+-------+----------+-------------------------+
; Port ; Type  ; Severity ; Details                 ;
+------+-------+----------+-------------------------+
; cin  ; Input ; Info     ; Stuck at GND            ;
+------+-------+----------+-------------------------+


+---------------------------------------------------+
; Port Connectivity Checks: "multiply:m0|Adder1:a4" ;
+------+-------+----------+-------------------------+
; Port ; Type  ; Severity ; Details                 ;
+------+-------+----------+-------------------------+
; cin  ; Input ; Info     ; Stuck at GND            ;
+------+-------+----------+-------------------------+


+---------------------------------------------------+
; Port Connectivity Checks: "multiply:m0|Adder1:a3" ;
+------+-------+----------+-------------------------+
; Port ; Type  ; Severity ; Details                 ;
+------+-------+----------+-------------------------+
; cin  ; Input ; Info     ; Stuck at GND            ;
+------+-------+----------+-------------------------+


+---------------------------------------------------+
; Port Connectivity Checks: "multiply:m0|Adder1:a2" ;
+------+-------+----------+-------------------------+
; Port ; Type  ; Severity ; Details                 ;
+------+-------+----------+-------------------------+
; cin  ; Input ; Info     ; Stuck at GND            ;
+------+-------+----------+-------------------------+


+---------------------------------------------------+
; Port Connectivity Checks: "multiply:m0|Adder1:a1" ;
+------+-------+----------+-------------------------+
; Port ; Type  ; Severity ; Details                 ;
+------+-------+----------+-------------------------+
; b[7] ; Input ; Info     ; Stuck at GND            ;
; cin  ; Input ; Info     ; Stuck at GND            ;
+------+-------+----------+-------------------------+


+---------------------------------------------------------------------------------------------------------------------------------------------------------------------------------------------------+
; Port Connectivity Checks: "substractor_8bits:sub0"                                                                                                                                                ;
+------+--------+----------+------------------------------------------------------------------------------------------------------------------------------------------------------------------------+
; Port ; Type   ; Severity ; Details                                                                                                                                                                ;
+------+--------+----------+------------------------------------------------------------------------------------------------------------------------------------------------------------------------+
; sub  ; Output ; Warning  ; Output or bidir port (8 bits) is smaller than the port expression (16 bits) it drives.  The 8 most-significant bit(s) in the port expression will be connected to GND. ;
+------+--------+----------+------------------------------------------------------------------------------------------------------------------------------------------------------------------------+


+----------------------------------------+
; Port Connectivity Checks: "Adder1:A0"  ;
+------+-------+----------+--------------+
; Port ; Type  ; Severity ; Details      ;
+------+-------+----------+--------------+
; cin  ; Input ; Info     ; Stuck at GND ;
+------+-------+----------+--------------+


+-----------------------------------------------------+
; Post-Synthesis Netlist Statistics for Top Partition ;
+-----------------------+-----------------------------+
; Type                  ; Count                       ;
+-----------------------+-----------------------------+
; boundary_port         ; 117                         ;
; cycloneiii_ff         ; 488                         ;
;     CLR               ; 58                          ;
;     ENA               ; 185                         ;
;     ENA SCLR          ; 16                          ;
;     ENA SLD           ; 26                          ;
;     SCLR              ; 57                          ;
;     SLD               ; 40                          ;
;     plain             ; 106                         ;
; cycloneiii_lcell_comb ; 1080                        ;
;     arith             ; 290                         ;
;         2 data inputs ; 59                          ;
;         3 data inputs ; 231                         ;
;     normal            ; 790                         ;
;         0 data inputs ; 19                          ;
;         1 data inputs ; 4                           ;
;         2 data inputs ; 206                         ;
;         3 data inputs ; 197                         ;
;         4 data inputs ; 364                         ;
;                       ;                             ;
; Max LUT depth         ; 27.20                       ;
; Average LUT depth     ; 8.78                        ;
+-----------------------+-----------------------------+


+-------------------------------+
; Elapsed Time Per Partition    ;
+----------------+--------------+
; Partition Name ; Elapsed Time ;
+----------------+--------------+
; Top            ; 00:00:02     ;
+----------------+--------------+


+-------------------------------+
; Analysis & Synthesis Messages ;
+-------------------------------+
Info: *******************************************************************
Info: Running Quartus II 64-Bit Analysis & Synthesis
    Info: Version 15.0.0 Build 145 04/22/2015 SJ Full Version
    Info: Processing started: Sun Jul 12 18:41:11 2020
Info: Command: quartus_map --read_settings_files=on --write_settings_files=off calculater -c calculater
Info (11104): Parallel Compilation has detected 8 hyper-threaded processors. However, the extra hyper-threaded processors will not be used by default. Parallel Compilation will use 4 of the 4 physical processors detected instead.
Warning (10238): Verilog Module Declaration warning at calculater.v(20): ignored anonymous port(s) indicated by duplicate or dangling comma(s) in the port list for module "calculater"
Info (12021): Found 1 design units, including 1 entities, in source file calculater.v
    Info (12023): Found entity 1: calculater
Info (12021): Found 1 design units, including 1 entities, in source file multiply.v
    Info (12023): Found entity 1: multiply
Info (12021): Found 1 design units, including 1 entities, in source file bin_dec.v
    Info (12023): Found entity 1: bin_dec
Warning (10229): Verilog HDL Expression warning at bin2bcd.v(144): truncated literal to match 5 bits
Info (12021): Found 1 design units, including 1 entities, in source file bin2bcd.v
    Info (12023): Found entity 1: bin2bcd
Info (12021): Found 1 design units, including 1 entities, in source file adder1.v
    Info (12023): Found entity 1: Adder1
Info (12021): Found 1 design units, including 1 entities, in source file display.v
    Info (12023): Found entity 1: display
Info (12021): Found 1 design units, including 1 entities, in source file display_5.v
    Info (12023): Found entity 1: display_5
Info (12021): Found 1 design units, including 1 entities, in source file substractor_8bits.v
    Info (12023): Found entity 1: substractor_8bits
Info (12021): Found 1 design units, including 1 entities, in source file div8.v
    Info (12023): Found entity 1: div8
Info (12021): Found 1 design units, including 1 entities, in source file lcd.v
    Info (12023): Found entity 1: LCD
Info (12021): Found 1 design units, including 1 entities, in source file bin_dec_8bits.v
    Info (12023): Found entity 1: bin_dec_8bits
Info (12021): Found 1 design units, including 1 entities, in source file display_div.v
    Info (12023): Found entity 1: display_div
Info (12127): Elaborating entity "calculater" for the top level hierarchy
Warning (10230): Verilog HDL assignment warning at calculater.v(77): truncated value with size 16 to match size of target (8)
Warning (10034): Output port "LEDG[7..0]" at calculater.v(34) has no driver
Info (12128): Elaborating entity "Adder1" for hierarchy "Adder1:A0"
Info (12128): Elaborating entity "substractor_8bits" for hierarchy "substractor_8bits:sub0"
Info (12128): Elaborating entity "multiply" for hierarchy "multiply:m0"
Info (12128): Elaborating entity "div8" for hierarchy "div8:v0"
Info (12128): Elaborating entity "bin_dec" for hierarchy "bin_dec:bd0"
Warning (10230): Verilog HDL assignment warning at bin_dec.v(22): truncated value with size 32 to match size of target (4)
Info (12128): Elaborating entity "bin2bcd" for hierarchy "bin2bcd:bb0"
Info (12128): Elaborating entity "display" for hierarchy "display:d0"
Info (12128): Elaborating entity "display_5" for hierarchy "display_5:d5"
Info (12128): Elaborating entity "bin_dec_8bits" for hierarchy "bin_dec_8bits:bd_is1"
Warning (10230): Verilog HDL assignment warning at bin_dec_8bits.v(19): truncated value with size 32 to match size of target (4)
Warning (10230): Verilog HDL assignment warning at bin_dec_8bits.v(17): truncated value with size 32 to match size of target (4)
Info (12128): Elaborating entity "display_div" for hierarchy "display_div:dd_is"
Info (12128): Elaborating entity "LCD" for hierarchy "LCD:L0"
Warning (12241): 1 hierarchies have connectivity warnings - see the Connectivity Checks report folder
Warning (13024): Output pins are stuck at VCC or GND
    Warning (13410): Pin "LEDR[17]" is stuck at GND
    Warning (13410): Pin "LEDG[0]" is stuck at GND
    Warning (13410): Pin "LEDG[1]" is stuck at GND
    Warning (13410): Pin "LEDG[2]" is stuck at GND
    Warning (13410): Pin "LEDG[3]" is stuck at GND
    Warning (13410): Pin "LEDG[4]" is stuck at GND
    Warning (13410): Pin "LEDG[5]" is stuck at GND
    Warning (13410): Pin "LEDG[6]" is stuck at GND
    Warning (13410): Pin "LEDG[7]" is stuck at GND
    Warning (13410): Pin "HEX7[0]" is stuck at VCC
    Warning (13410): Pin "HEX7[1]" is stuck at VCC
    Warning (13410): Pin "HEX7[2]" is stuck at VCC
    Warning (13410): Pin "HEX7[3]" is stuck at VCC
    Warning (13410): Pin "HEX7[4]" is stuck at VCC
    Warning (13410): Pin "HEX7[5]" is stuck at VCC
    Warning (13410): Pin "HEX7[6]" is stuck at VCC
    Warning (13410): Pin "rw" is stuck at GND
Info (286030): Timing-Driven Synthesis is running
Info (17049): 8 registers lost all their fanouts during netlist optimizations.
Info (144001): Generated suppressed messages file C:/Users/ASUS/Desktop/calculater/output_files/calculater.map.smsg
Info (16010): Generating hard_block partition "hard_block:auto_generated_inst"
    Info (16011): Adding 0 node(s), including 0 DDIO, 0 PLL, 0 transceiver and 0 LCELL
Info (21057): Implemented 1335 device resources after synthesis - the final resource count might be different
    Info (21058): Implemented 23 input pins
    Info (21059): Implemented 94 output pins
    Info (21061): Implemented 1218 logic cells
Info: Quartus II 64-Bit Analysis & Synthesis was successful. 0 errors, 26 warnings
    Info: Peak virtual memory: 4868 megabytes
    Info: Processing ended: Sun Jul 12 18:41:25 2020
    Info: Elapsed time: 00:00:14
    Info: Total CPU time (on all processors): 00:00:27


+------------------------------------------+
; Analysis & Synthesis Suppressed Messages ;
+------------------------------------------+
The suppressed messages can be found in C:/Users/ASUS/Desktop/calculater/output_files/calculater.map.smsg.


