------------------------------------------------------------
TimeQuest Timing Analyzer Summary
------------------------------------------------------------

Type  : Slow 1200mV 85C Model Setup 'CLOCK_50'
Slack : -23.475
TNS   : -1569.907

Type  : Slow 1200mV 85C Model Setup 'LCD:L0|lcd_clk'
Slack : -2.402
TNS   : -25.453

Type  : Slow 1200mV 85C Model Hold 'LCD:L0|lcd_clk'
Slack : 0.119
TNS   : 0.000

Type  : Slow 1200mV 85C Model Hold 'CLOCK_50'
Slack : 0.403
TNS   : 0.000

Type  : Slow 1200mV 85C Model Minimum Pulse Width 'CLOCK_50'
Slack : -3.000
TNS   : -568.400

Type  : Slow 1200mV 85C Model Minimum Pulse Width 'LCD:L0|lcd_clk'
Slack : -1.285
TNS   : -61.680

Type  : Slow 1200mV 0C Model Setup 'CLOCK_50'
Slack : -21.136
TNS   : -1388.999

Type  : Slow 1200mV 0C Model Setup 'LCD:L0|lcd_clk'
Slack : -2.122
TNS   : -19.941

Type  : Slow 1200mV 0C Model Hold 'LCD:L0|lcd_clk'
Slack : 0.056
TNS   : 0.000

Type  : Slow 1200mV 0C Model Hold 'CLOCK_50'
Slack : 0.355
TNS   : 0.000

Type  : Slow 1200mV 0C Model Minimum Pulse Width 'CLOCK_50'
Slack : -3.000
TNS   : -568.400

Type  : Slow 1200mV 0C Model Minimum Pulse Width 'LCD:L0|lcd_clk'
Slack : -1.285
TNS   : -61.680

Type  : Fast 1200mV 0C Model Setup 'CLOCK_50'
Slack : -10.954
TNS   : -616.765

Type  : Fast 1200mV 0C Model Setup 'LCD:L0|lcd_clk'
Slack : -0.712
TNS   : -3.311

Type  : Fast 1200mV 0C Model Hold 'LCD:L0|lcd_clk'
Slack : -0.019
TNS   : -0.024

Type  : Fast 1200mV 0C Model Hold 'CLOCK_50'
Slack : 0.151
TNS   : 0.000

Type  : Fast 1200mV 0C Model Minimum Pulse Width 'CLOCK_50'
Slack : -3.000
TNS   : -471.399

Type  : Fast 1200mV 0C Model Minimum Pulse Width 'LCD:L0|lcd_clk'
Slack : -1.000
TNS   : -48.000

------------------------------------------------------------
